---
source: crates/ruff_linter/src/rules/ruff/mod.rs
snapshot_kind: text
---
RUF052.py:21:9: RUF052 Local dummy variable `arg` is accessed
   |
19 | _valid_fun()
20 | 
21 | def fun(arg):
   |         ^^^ RUF052
22 |     _valid_unused_var = arg
23 |     pass
   |

RUF052.py:50:18: RUF052 Local dummy variable `self` is accessed
   |
48 |     print(_valid_private_cls_attr)
49 | 
50 |     def __init__(self):
   |                  ^^^^ RUF052
51 |         self._valid_private_ins_attr = 2
52 |         print(self._valid_private_ins_attr)
   |

RUF052.py:54:23: RUF052 Local dummy variable `self` is accessed
   |
52 |         print(self._valid_private_ins_attr)
53 | 
54 |     def _valid_method(self):
   |                       ^^^^ RUF052
55 |         return self._valid_private_ins_attr
   |

RUF052.py:57:16: RUF052 Local dummy variable `arg` is accessed
   |
55 |         return self._valid_private_ins_attr
56 | 
57 |     def method(arg):
   |                ^^^ RUF052
58 |         _valid_unused_var = arg
59 |         return 
   |

RUF052.py:61:9: RUF052 Local dummy variable `x` is accessed
   |
59 |         return 
60 | 
61 | def fun(x):
   |         ^ RUF052
62 |     _ = 1
63 |     __ = 2
   |

RUF052.py:77:9: RUF052 Local dummy variable `_var` is accessed
   |
75 | class Class_:
76 |     def fun(self):
77 |         _var = "method variable" # [RUF052]
   |         ^^^^ RUF052
78 |         return _var
   |
   = help: Remove leading underscores

RUF052.py:80:9: RUF052 Local dummy variable `_var` is accessed
   |
78 |         return _var
79 | 
80 | def fun(_var): # [RUF052]
   |         ^^^^ RUF052
81 |     return _var
   |
   = help: Remove leading underscores

RUF052.py:84:5: RUF052 Local dummy variable `_list` is accessed
   |
83 | def fun():
84 |     _list = "built-in" # [RUF052]
   |     ^^^^^ RUF052
85 |     return _list
   |
   = help: Prefer using trailing underscores to avoid shadowing a built-in

RUF052.py:91:5: RUF052 Local dummy variable `_x` is accessed
   |
89 | def fun():
90 |     global x
91 |     _x = "shadows global" # [RUF052]
   |     ^^ RUF052
92 |     return _x
   |
   = help: Prefer using trailing underscores to avoid shadowing a variable

RUF052.py:95:3: RUF052 Local dummy variable `x` is accessed
   |
94 | def foo():
95 |   x = "outer"
   |   ^ RUF052
96 |   def bar():
97 |     nonlocal x
   |

RUF052.py:98:5: RUF052 Local dummy variable `_x` is accessed
    |
 96 |   def bar():
 97 |     nonlocal x
 98 |     _x = "shadows nonlocal" # [RUF052]
    |     ^^ RUF052
 99 |     return _x
100 |   bar()
    |
    = help: Prefer using trailing underscores to avoid shadowing a variable

RUF052.py:105:5: RUF052 Local dummy variable `_x` is accessed
    |
103 | def fun():
104 |     x = "local"
105 |     _x = "shadows local" # [RUF052]
    |     ^^ RUF052
106 |     return _x
    |
    = help: Prefer using trailing underscores to avoid shadowing a variable
