---
source: crates/ruff_linter/src/rules/wps_light/mod.rs
snapshot_kind: text
---
WPS116.py:27:1: WPS116 Variable name _private__variable contains consecutive underscors inside.
   |
25 | # incorect
26 | 
27 | _private__variable = 1
   | ^^^^^^^^^^^^^^^^^^ WPS116
28 | 
29 | CONSTANT__VARIABLE = 1
   |
   = help: Rename variable to _private_variable

WPS116.py:29:1: WPS116 Variable name CONSTANT__VARIABLE contains consecutive underscors inside.
   |
27 | _private__variable = 1
28 | 
29 | CONSTANT__VARIABLE = 1
   | ^^^^^^^^^^^^^^^^^^ WPS116
30 | 
31 | def function__name():
   |
   = help: Rename variable to CONSTANT_VARIABLE

WPS116.py:31:5: WPS116 Function name function__name contains consecutive underscors inside.
   |
29 | CONSTANT__VARIABLE = 1
30 | 
31 | def function__name():
   |     ^^^^^^^^^^^^^^ WPS116
32 |     in_function__variable = 1
   |
   = help: Rename variable to function_name

WPS116.py:32:5: WPS116 Variable name in_function__variable contains consecutive underscors inside.
   |
31 | def function__name():
32 |     in_function__variable = 1
   |     ^^^^^^^^^^^^^^^^^^^^^ WPS116
33 | 
34 | long__variable___name = 1
   |
   = help: Rename variable to in_function_variable

WPS116.py:34:1: WPS116 Variable name long__variable___name contains consecutive underscors inside.
   |
32 |     in_function__variable = 1
33 | 
34 | long__variable___name = 1
   | ^^^^^^^^^^^^^^^^^^^^^ WPS116
35 | 
36 | class ClassName:
   |
   = help: Rename variable to long_variable_name

WPS116.py:37:9: WPS116 Function name __dunder___method__ contains consecutive underscors inside.
   |
36 | class ClassName:
37 |     def __dunder___method__(self, parameter_x):
   |         ^^^^^^^^^^^^^^^^^^^ WPS116
38 |         pass
   |
   = help: Rename variable to __dunder_method__
