---
source: crates/ruff_linter/src/rules/wps_light/mod.rs
snapshot_kind: text
---

